// Jest Snapshot v1, https://goo.gl/fbAQLP

exports[`Search should render correctly in "debug" mode 1`] = `
<Fragment>
  <input
    onChange={[Function]}
    placeholder="Please enter a name..."
    type="text"
    value=""
  />
  <p>
    No results found.
  </p>
</Fragment>
`;

exports[`Search should render correctly with no props 1`] = `
<Fragment>
  <input
    onChange={[Function]}
    placeholder="Please enter a name..."
    type="text"
    value=""
  />
  <p>
    No results found.
  </p>
</Fragment>
`;

exports[`should render correctly with no props 1`] = `
<Fragment>
  <input
    onChange={[Function]}
    placeholder="Please enter a name..."
    type="text"
    value=""
  />
  <p>
    No results found.
  </p>
</Fragment>
`;
